{
    "analyzer": {
        "bs_plain": {
            "type": "custom",
            "char_filter": [
                "word_break_helper"
            ],
            "tokenizer": "standard",
            "filter": [
                "icu_normalizer",
                "preserve_original_recorder",
                "icu_folding",
                "preserve_original",
                "remove_empty"
            ]
        },
        "bs_plain_search": {
            "type": "custom",
            "char_filter": [
                "word_break_helper"
            ],
            "tokenizer": "standard",
            "filter": [
                "icu_normalizer"
            ]
        },
        "ca_plain": {
            "type": "custom",
            "char_filter": [
                "word_break_helper"
            ],
            "tokenizer": "standard",
            "filter": [
                "icu_normalizer",
                "preserve_original_recorder",
                "ca_icu_folding",
                "preserve_original",
                "remove_empty"
            ]
        },
        "ca_plain_search": {
            "type": "custom",
            "char_filter": [
                "word_break_helper"
            ],
            "tokenizer": "standard",
            "filter": [
                "icu_normalizer"
            ]
        },
        "cs_plain": {
            "type": "custom",
            "char_filter": [
                "word_break_helper"
            ],
            "tokenizer": "standard",
            "filter": [
                "icu_normalizer",
                "preserve_original_recorder",
                "cs_icu_folding",
                "preserve_original",
                "remove_empty"
            ]
        },
        "cs_plain_search": {
            "type": "custom",
            "char_filter": [
                "word_break_helper"
            ],
            "tokenizer": "standard",
            "filter": [
                "icu_normalizer"
            ]
        },
        "da_plain": {
            "type": "custom",
            "char_filter": [
                "word_break_helper"
            ],
            "tokenizer": "standard",
            "filter": [
                "icu_normalizer",
                "preserve_original_recorder",
                "da_icu_folding",
                "preserve_original",
                "remove_empty"
            ]
        },
        "da_plain_search": {
            "type": "custom",
            "char_filter": [
                "word_break_helper"
            ],
            "tokenizer": "standard",
            "filter": [
                "icu_normalizer"
            ]
        },
        "de_plain": {
            "type": "custom",
            "char_filter": [
                "word_break_helper",
                "german_plain_charfilter"
            ],
            "tokenizer": "standard",
            "filter": [
                "de_icu_normalizer",
                "preserve_original_recorder",
                "de_icu_folding",
                "preserve_original",
                "remove_empty"
            ]
        },
        "de_plain_search": {
            "type": "custom",
            "char_filter": [
                "word_break_helper",
                "german_plain_charfilter"
            ],
            "tokenizer": "standard",
            "filter": [
                "de_icu_normalizer"
            ]
        },
        "el_plain": {
            "type": "custom",
            "char_filter": [
                "word_break_helper"
            ],
            "tokenizer": "standard",
            "filter": [
                "lowercase",
                "icu_normalizer",
                "preserve_original_recorder",
                "el_icu_folding",
                "preserve_original",
                "remove_empty"
            ]
        },
        "el_plain_search": {
            "type": "custom",
            "char_filter": [
                "word_break_helper"
            ],
            "tokenizer": "standard",
            "filter": [
                "lowercase",
                "icu_normalizer"
            ]
        },
        "en_plain": {
            "type": "custom",
            "char_filter": [
                "word_break_helper"
            ],
            "tokenizer": "standard",
            "filter": [
                "icu_normalizer",
                "preserve_original_recorder",
                "en_icu_folding",
                "preserve_original",
                "remove_empty"
            ]
        },
        "en_plain_search": {
            "type": "custom",
            "char_filter": [
                "word_break_helper"
            ],
            "tokenizer": "standard",
            "filter": [
                "icu_normalizer"
            ]
        },
        "en-ca_plain": {
            "type": "custom",
            "char_filter": [
                "word_break_helper"
            ],
            "tokenizer": "standard",
            "filter": [
                "icu_normalizer",
                "preserve_original_recorder",
                "en-ca_icu_folding",
                "preserve_original",
                "remove_empty"
            ]
        },
        "en-ca_plain_search": {
            "type": "custom",
            "char_filter": [
                "word_break_helper"
            ],
            "tokenizer": "standard",
            "filter": [
                "icu_normalizer"
            ]
        },
        "en-gb_plain": {
            "type": "custom",
            "char_filter": [
                "word_break_helper"
            ],
            "tokenizer": "standard",
            "filter": [
                "icu_normalizer",
                "preserve_original_recorder",
                "en-gb_icu_folding",
                "preserve_original",
                "remove_empty"
            ]
        },
        "en-gb_plain_search": {
            "type": "custom",
            "char_filter": [
                "word_break_helper"
            ],
            "tokenizer": "standard",
            "filter": [
                "icu_normalizer"
            ]
        },
        "simple_plain": {
            "type": "custom",
            "char_filter": [
                "word_break_helper"
            ],
            "tokenizer": "standard",
            "filter": [
                "icu_normalizer",
                "preserve_original_recorder",
                "simple_icu_folding",
                "preserve_original",
                "remove_empty"
            ]
        },
        "simple_plain_search": {
            "type": "custom",
            "char_filter": [
                "word_break_helper"
            ],
            "tokenizer": "standard",
            "filter": [
                "icu_normalizer"
            ]
        },
        "eo_plain": {
            "type": "custom",
            "char_filter": [
                "word_break_helper"
            ],
            "tokenizer": "standard",
            "filter": [
                "icu_normalizer",
                "preserve_original_recorder",
                "eo_icu_folding",
                "preserve_original",
                "remove_empty"
            ]
        },
        "eo_plain_search": {
            "type": "custom",
            "char_filter": [
                "word_break_helper"
            ],
            "tokenizer": "standard",
            "filter": [
                "icu_normalizer"
            ]
        },
        "es_plain": {
            "type": "custom",
            "char_filter": [
                "word_break_helper"
            ],
            "tokenizer": "standard",
            "filter": [
                "icu_normalizer",
                "preserve_original_recorder",
                "es_icu_folding",
                "preserve_original",
                "remove_empty"
            ]
        },
        "es_plain_search": {
            "type": "custom",
            "char_filter": [
                "word_break_helper"
            ],
            "tokenizer": "standard",
            "filter": [
                "icu_normalizer"
            ]
        },
        "eu_plain": {
            "type": "custom",
            "char_filter": [
                "word_break_helper"
            ],
            "tokenizer": "standard",
            "filter": [
                "icu_normalizer",
                "preserve_original_recorder",
                "eu_icu_folding",
                "preserve_original",
                "remove_empty"
            ]
        },
        "eu_plain_search": {
            "type": "custom",
            "char_filter": [
                "word_break_helper"
            ],
            "tokenizer": "standard",
            "filter": [
                "icu_normalizer"
            ]
        },
        "fi_plain": {
            "type": "custom",
            "char_filter": [
                "word_break_helper"
            ],
            "tokenizer": "standard",
            "filter": [
                "icu_normalizer",
                "preserve_original_recorder",
                "fi_icu_folding",
                "preserve_original",
                "remove_empty"
            ]
        },
        "fi_plain_search": {
            "type": "custom",
            "char_filter": [
                "word_break_helper"
            ],
            "tokenizer": "standard",
            "filter": [
                "icu_normalizer"
            ]
        },
        "fr_plain": {
            "type": "custom",
            "char_filter": [
                "word_break_helper"
            ],
            "tokenizer": "standard",
            "filter": [
                "icu_normalizer",
                "preserve_original_recorder",
                "fr_icu_folding",
                "preserve_original",
                "remove_empty"
            ]
        },
        "fr_plain_search": {
            "type": "custom",
            "char_filter": [
                "word_break_helper"
            ],
            "tokenizer": "standard",
            "filter": [
                "icu_normalizer"
            ]
        },
        "gl_plain": {
            "type": "custom",
            "char_filter": [
                "word_break_helper"
            ],
            "tokenizer": "standard",
            "filter": [
                "icu_normalizer",
                "preserve_original_recorder",
                "gl_icu_folding",
                "preserve_original",
                "remove_empty"
            ]
        },
        "gl_plain_search": {
            "type": "custom",
            "char_filter": [
                "word_break_helper"
            ],
            "tokenizer": "standard",
            "filter": [
                "icu_normalizer"
            ]
        },
        "he_plain": {
            "type": "custom",
            "char_filter": [
                "word_break_helper"
            ],
            "tokenizer": "standard",
            "filter": [
                "icu_normalizer",
                "preserve_original_recorder",
                "he_icu_folding",
                "preserve_original",
                "remove_empty"
            ]
        },
        "he_plain_search": {
            "type": "custom",
            "char_filter": [
                "word_break_helper"
            ],
            "tokenizer": "standard",
            "filter": [
                "icu_normalizer"
            ]
        },
        "hr_plain": {
            "type": "custom",
            "char_filter": [
                "word_break_helper"
            ],
            "tokenizer": "standard",
            "filter": [
                "icu_normalizer",
                "preserve_original_recorder",
                "icu_folding",
                "preserve_original",
                "remove_empty"
            ]
        },
        "hr_plain_search": {
            "type": "custom",
            "char_filter": [
                "word_break_helper"
            ],
            "tokenizer": "standard",
            "filter": [
                "icu_normalizer"
            ]
        },
        "nl_plain": {
            "type": "custom",
            "char_filter": [
                "word_break_helper"
            ],
            "tokenizer": "standard",
            "filter": [
                "icu_normalizer",
                "preserve_original_recorder",
                "nl_icu_folding",
                "preserve_original",
                "remove_empty"
            ]
        },
        "nl_plain_search": {
            "type": "custom",
            "char_filter": [
                "word_break_helper"
            ],
            "tokenizer": "standard",
            "filter": [
                "icu_normalizer"
            ]
        },
        "pt_plain": {
            "type": "custom",
            "char_filter": [
                "word_break_helper"
            ],
            "tokenizer": "standard",
            "filter": [
                "icu_normalizer",
                "preserve_original_recorder",
                "pt_icu_folding",
                "preserve_original",
                "remove_empty"
            ]
        },
        "pt_plain_search": {
            "type": "custom",
            "char_filter": [
                "word_break_helper"
            ],
            "tokenizer": "standard",
            "filter": [
                "icu_normalizer"
            ]
        },
        "sh_plain": {
            "type": "custom",
            "char_filter": [
                "word_break_helper"
            ],
            "tokenizer": "standard",
            "filter": [
                "icu_normalizer",
                "preserve_original_recorder",
                "icu_folding",
                "preserve_original",
                "remove_empty"
            ]
        },
        "sh_plain_search": {
            "type": "custom",
            "char_filter": [
                "word_break_helper"
            ],
            "tokenizer": "standard",
            "filter": [
                "icu_normalizer"
            ]
        },
        "sk_plain": {
            "type": "custom",
            "char_filter": [
                "word_break_helper"
            ],
            "tokenizer": "standard",
            "filter": [
                "icu_normalizer",
                "preserve_original_recorder",
                "sk_icu_folding",
                "preserve_original",
                "remove_empty"
            ]
        },
        "sk_plain_search": {
            "type": "custom",
            "char_filter": [
                "word_break_helper"
            ],
            "tokenizer": "standard",
            "filter": [
                "icu_normalizer"
            ]
        },
        "sr_plain": {
            "type": "custom",
            "char_filter": [
                "word_break_helper"
            ],
            "tokenizer": "standard",
            "filter": [
                "icu_normalizer",
                "preserve_original_recorder",
                "icu_folding",
                "preserve_original",
                "remove_empty"
            ]
        },
        "sr_plain_search": {
            "type": "custom",
            "char_filter": [
                "word_break_helper"
            ],
            "tokenizer": "standard",
            "filter": [
                "icu_normalizer"
            ]
        },
        "sv_plain": {
            "type": "custom",
            "char_filter": [
                "word_break_helper"
            ],
            "tokenizer": "standard",
            "filter": [
                "icu_normalizer",
                "preserve_original_recorder",
                "sv_icu_folding",
                "preserve_original",
                "remove_empty"
            ]
        },
        "sv_plain_search": {
            "type": "custom",
            "char_filter": [
                "word_break_helper"
            ],
            "tokenizer": "standard",
            "filter": [
                "icu_normalizer"
            ]
        }
    },
    "filter": {
        "icu_normalizer": {
            "type": "icu_normalizer",
            "name": "nfkc_cf"
        },
        "icu_folding": {
            "type": "icu_folding",
            "unicodeSetFilter": "[^\u0110\u0111\u017d\u017e\u0106\u0107\u0160\u0161\u010c\u010d]"
        },
        "remove_empty": {
            "type": "length",
            "min": 1
        },
        "ca_icu_folding": {
            "type": "icu_folding"
        },
        "cs_icu_folding": {
            "type": "icu_folding",
            "unicodeSetFilter": "[^\u00c1\u00e1\u010c\u010d\u010e\u010f\u00c9\u00e9\u011a\u011b\u00cd\u00ed\u0147\u0148\u00d3\u00f3\u0158\u0159\u0160\u0161\u0164\u0165\u00da\u00fa\u016e\u016f\u00dd\u00fd\u017d\u017e]"
        },
        "da_icu_folding": {
            "type": "icu_folding",
            "unicodeSetFilter": "[^\u00c6\u00e6\u00d8\u00f8\u00c5\u00e5]"
        },
        "de_icu_normalizer": {
            "type": "icu_normalizer",
            "name": "nfkc_cf",
            "unicodeSetFilter": "[^\u1e9e\u00df]"
        },
        "de_icu_folding": {
            "type": "icu_folding",
            "unicodeSetFilter": "[^\u00c4\u00e4\u00d6\u00f6\u00dc\u00fc\u1e9e\u00df]"
        },
        "lowercase": {
            "type": "lowercase",
            "language": "greek"
        },
        "el_icu_folding": {
            "type": "icu_folding"
        },
        "en_icu_folding": {
            "type": "icu_folding"
        },
        "en-ca_icu_folding": {
            "type": "icu_folding"
        },
        "en-gb_icu_folding": {
            "type": "icu_folding"
        },
        "simple_icu_folding": {
            "type": "icu_folding"
        },
        "eo_icu_folding": {
            "type": "icu_folding",
            "unicodeSetFilter": "[^\u0108\u0109\u011c\u011d\u0124\u0125\u0134\u0135\u015c\u015d\u016c\u016d]"
        },
        "es_icu_folding": {
            "type": "icu_folding",
            "unicodeSetFilter": "[^\u00d1\u00f1]"
        },
        "eu_icu_folding": {
            "type": "icu_folding",
            "unicodeSetFilter": "[^\u00d1\u00f1]"
        },
        "fi_icu_folding": {
            "type": "icu_folding",
            "unicodeSetFilter": "[^\u00c5\u00e5\u00c4\u00e4\u00d6\u00f6]"
        },
        "fr_icu_folding": {
            "type": "icu_folding"
        },
        "gl_icu_folding": {
            "type": "icu_folding",
            "unicodeSetFilter": "[^\u00d1\u00f1]"
        },
        "he_icu_folding": {
            "type": "icu_folding"
        },
        "nl_icu_folding": {
            "type": "icu_folding"
        },
        "pt_icu_folding": {
            "type": "icu_folding"
        },
        "sk_icu_folding": {
            "type": "icu_folding"
        },
        "sv_icu_folding": {
            "type": "icu_folding",
            "unicodeSetFilter": "[^\u00c5\u00e5\u00c4\u00e4\u00d6\u00f6]"
        }
    },
    "char_filter": {
        "word_break_helper": {
            "type": "mapping",
            "mappings": [
                "_=>\\u0020",
                ".=>\\u0020",
                "(=>\\u0020",
                ")=>\\u0020"
            ]
        },
        "german_plain_charfilter": {
            "type": "mapping",
            "mappings": [
                "\u1e9e=>\u00df"
            ]
        }
    },
    "tokenizer": []
}